[debug] [2026-05-24T02:59:29.956Z] ----------------------------------------------------------------------
[debug] [2026-05-24T02:59:29.960Z] Command:       C:\Program Files\nodejs\node.exe C:\Users\이성호\AppData\Roaming\npm\node_modules\firebase-tools\lib\bin\firebase.js deploy --only functions
[debug] [2026-05-24T02:59:29.961Z] CLI Version:   15.18.0
[debug] [2026-05-24T02:59:29.961Z] Platform:      win32
[debug] [2026-05-24T02:59:29.961Z] Node Version:  v24.13.0
[debug] [2026-05-24T02:59:29.961Z] Time:          Sun May 24 2026 11:59:29 GMT+0900 (대한민국 표준시)
[debug] [2026-05-24T02:59:29.961Z] ----------------------------------------------------------------------
[debug] 
[debug] [2026-05-24T02:59:33.033Z] > command requires scopes: ["email","openid","https://www.googleapis.com/auth/cloudplatformprojects.readonly","https://www.googleapis.com/auth/firebase","https://www.googleapis.com/auth/cloud-platform"]
[debug] [2026-05-24T02:59:33.033Z] > authorizing via signed-in user (a01042212450@gmail.com)
[debug] [2026-05-24T02:59:33.033Z] [iam] checking project gridvibe-537aa for permissions ["cloudfunctions.functions.create","cloudfunctions.functions.delete","cloudfunctions.functions.get","cloudfunctions.functions.list","cloudfunctions.functions.update","cloudfunctions.operations.get","firebase.projects.get"]
[debug] [2026-05-24T02:59:33.034Z] Checked if tokens are valid: true, expires at: 1779594725177
[debug] [2026-05-24T02:59:33.034Z] Checked if tokens are valid: true, expires at: 1779594725177
[debug] [2026-05-24T02:59:33.035Z] >>> [apiv2][query] POST https://cloudresourcemanager.googleapis.com/v1/projects/gridvibe-537aa:testIamPermissions [none]
[debug] [2026-05-24T02:59:33.035Z] >>> [apiv2][(partial)header] POST https://cloudresourcemanager.googleapis.com/v1/projects/gridvibe-537aa:testIamPermissions  x-goog-user-project=gridvibe-537aa
[debug] [2026-05-24T02:59:33.035Z] >>> [apiv2][body] POST https://cloudresourcemanager.googleapis.com/v1/projects/gridvibe-537aa:testIamPermissions {"permissions":["cloudfunctions.functions.create","cloudfunctions.functions.delete","cloudfunctions.functions.get","cloudfunctions.functions.list","cloudfunctions.functions.update","cloudfunctions.operations.get","firebase.projects.get"]}
[debug] [2026-05-24T02:59:33.375Z] <<< [apiv2][status] POST https://cloudresourcemanager.googleapis.com/v1/projects/gridvibe-537aa:testIamPermissions 200
[debug] [2026-05-24T02:59:33.375Z] <<< [apiv2][body] POST https://cloudresourcemanager.googleapis.com/v1/projects/gridvibe-537aa:testIamPermissions {"permissions":["cloudfunctions.functions.create","cloudfunctions.functions.delete","cloudfunctions.functions.get","cloudfunctions.functions.list","cloudfunctions.functions.update","cloudfunctions.operations.get","firebase.projects.get"]}
[debug] [2026-05-24T02:59:33.375Z] Checked if tokens are valid: true, expires at: 1779594725177
[debug] [2026-05-24T02:59:33.375Z] Checked if tokens are valid: true, expires at: 1779594725177
[debug] [2026-05-24T02:59:33.375Z] >>> [apiv2][query] POST https://iam.googleapis.com/v1/projects/gridvibe-537aa/serviceAccounts/gridvibe-537aa@appspot.gserviceaccount.com:testIamPermissions [none]
[debug] [2026-05-24T02:59:33.375Z] >>> [apiv2][body] POST https://iam.googleapis.com/v1/projects/gridvibe-537aa/serviceAccounts/gridvibe-537aa@appspot.gserviceaccount.com:testIamPermissions {"permissions":["iam.serviceAccounts.actAs"]}
[debug] [2026-05-24T02:59:34.779Z] <<< [apiv2][status] POST https://iam.googleapis.com/v1/projects/gridvibe-537aa/serviceAccounts/gridvibe-537aa@appspot.gserviceaccount.com:testIamPermissions 200
[debug] [2026-05-24T02:59:34.779Z] <<< [apiv2][body] POST https://iam.googleapis.com/v1/projects/gridvibe-537aa/serviceAccounts/gridvibe-537aa@appspot.gserviceaccount.com:testIamPermissions {"permissions":["iam.serviceAccounts.actAs"]}
[info] 
[info] === Deploying to 'gridvibe-537aa'...
[info] 
[info] i  deploying functions 
[debug] [2026-05-24T02:59:34.786Z] Checked if tokens are valid: true, expires at: 1779594725177
[debug] [2026-05-24T02:59:34.787Z] Checked if tokens are valid: true, expires at: 1779594725177
[debug] [2026-05-24T02:59:34.787Z] >>> [apiv2][query] GET https://cloudresourcemanager.googleapis.com/v1/projects/gridvibe-537aa [none]
[debug] [2026-05-24T02:59:35.028Z] <<< [apiv2][status] GET https://cloudresourcemanager.googleapis.com/v1/projects/gridvibe-537aa 200
[debug] [2026-05-24T02:59:35.028Z] <<< [apiv2][body] GET https://cloudresourcemanager.googleapis.com/v1/projects/gridvibe-537aa {"projectNumber":"218314165754","projectId":"gridvibe-537aa","lifecycleState":"ACTIVE","name":"gridvibe","labels":{"firebase":"enabled","firebase-core":"disabled"},"createTime":"2026-05-23T08:22:06.596Z"}
[info] i  functions: preparing codebase default for deployment 
[info] i  functions: ensuring required API cloudfunctions.googleapis.com is enabled... 
[info] i  functions: ensuring required API cloudbuild.googleapis.com is enabled... 
[info] i  artifactregistry: ensuring required API artifactregistry.googleapis.com is enabled... 
[debug] [2026-05-24T02:59:35.031Z] Checked if tokens are valid: true, expires at: 1779594725177
[debug] [2026-05-24T02:59:35.031Z] Checked if tokens are valid: true, expires at: 1779594725177
[debug] [2026-05-24T02:59:35.031Z] >>> [apiv2][query] GET https://firebase.googleapis.com/v1beta1/projects/gridvibe-537aa/adminSdkConfig [none]
[debug] [2026-05-24T02:59:35.588Z] <<< [apiv2][status] GET https://firebase.googleapis.com/v1beta1/projects/gridvibe-537aa/adminSdkConfig 200
[debug] [2026-05-24T02:59:35.589Z] <<< [apiv2][body] GET https://firebase.googleapis.com/v1beta1/projects/gridvibe-537aa/adminSdkConfig {"projectId":"gridvibe-537aa","storageBucket":"gridvibe-537aa.firebasestorage.app"}
[debug] [2026-05-24T02:59:35.589Z] Checked if tokens are valid: true, expires at: 1779594725177
[debug] [2026-05-24T02:59:35.589Z] Checked if tokens are valid: true, expires at: 1779594725177
[debug] [2026-05-24T02:59:35.589Z] >>> [apiv2][query] GET https://runtimeconfig.googleapis.com/v1beta1/projects/gridvibe-537aa/configs [none]
[debug] [2026-05-24T02:59:36.119Z] <<< [apiv2][status] GET https://runtimeconfig.googleapis.com/v1beta1/projects/gridvibe-537aa/configs 200
[debug] [2026-05-24T02:59:36.119Z] <<< [apiv2][body] GET https://runtimeconfig.googleapis.com/v1beta1/projects/gridvibe-537aa/configs {}
[debug] [2026-05-24T02:59:36.120Z] Validating nodejs source
[warn] !  functions: Runtime Node.js 20 was deprecated on 2026-04-30 and will be decommissioned on 2026-10-30, after which you will not be able to deploy without upgrading. Consider upgrading now to avoid disruption. See https://cloud.google.com/functions/docs/runtime-support for full details on the lifecycle policy 
[debug] [2026-05-24T02:59:37.447Z] > [functions] package.json contents: {
  "name": "functions",
  "version": "1.0.0",
  "description": "",
  "main": "index.js",
  "scripts": {
    "test": "echo \"Error: no test specified\" && exit 1"
  },
  "keywords": [],
  "author": "",
  "license": "ISC",
  "type": "commonjs",
  "dependencies": {
    "axios": "^1.16.1",
    "cors": "^2.8.6",
    "firebase-admin": "^13.10.0",
    "firebase-functions": "^7.2.5"
  }
}
[debug] [2026-05-24T02:59:37.447Z] Building nodejs source
[info] i  functions: Loading and analyzing source code for codebase default to determine what to deploy 
[debug] [2026-05-24T02:59:37.448Z] Could not find functions.yaml. Must use http discovery
[debug] [2026-05-24T02:59:37.462Z] Found firebase-functions binary at 'C:\부업\functions\node_modules\.bin\firebase-functions'
[info] Serving at port 8559

[debug] [2026-05-24T02:59:42.545Z] Got response from /__/functions.yaml {"endpoints":{"verifyTossPayment":{"availableMemoryMb":null,"timeoutSeconds":null,"minInstances":null,"maxInstances":null,"ingressSettings":null,"concurrency":null,"serviceAccountEmail":null,"vpc":null,"platform":"gcfv2","labels":{},"httpsTrigger":{},"entryPoint":"verifyTossPayment"}},"specVersion":"v1alpha1","requiredAPIs":[],"extensions":{}}
[debug] [2026-05-24T02:59:46.584Z] Checked if tokens are valid: true, expires at: 1779594725177
[debug] [2026-05-24T02:59:46.585Z] Checked if tokens are valid: true, expires at: 1779594725177
[debug] [2026-05-24T02:59:46.585Z] >>> [apiv2][query] GET https://cloudfunctions.googleapis.com/v1/projects/gridvibe-537aa/locations/-/functions [none]
[debug] [2026-05-24T02:59:47.483Z] <<< [apiv2][status] GET https://cloudfunctions.googleapis.com/v1/projects/gridvibe-537aa/locations/-/functions 200
[debug] [2026-05-24T02:59:47.483Z] <<< [apiv2][body] GET https://cloudfunctions.googleapis.com/v1/projects/gridvibe-537aa/locations/-/functions {}
[debug] [2026-05-24T02:59:47.483Z] Checked if tokens are valid: true, expires at: 1779594725177
[debug] [2026-05-24T02:59:47.484Z] Checked if tokens are valid: true, expires at: 1779594725177
[debug] [2026-05-24T02:59:47.484Z] >>> [apiv2][query] GET https://cloudfunctions.googleapis.com/v2/projects/gridvibe-537aa/locations/-/functions filter=environment%3D%22GEN_2%22
[debug] [2026-05-24T02:59:48.864Z] <<< [apiv2][status] GET https://cloudfunctions.googleapis.com/v2/projects/gridvibe-537aa/locations/-/functions 200
[debug] [2026-05-24T02:59:48.864Z] <<< [apiv2][body] GET https://cloudfunctions.googleapis.com/v2/projects/gridvibe-537aa/locations/-/functions {}
[info] i  extensions: ensuring required API firebaseextensions.googleapis.com is enabled... 
[debug] [2026-05-24T02:59:48.865Z] Checked if tokens are valid: true, expires at: 1779594725177
[debug] [2026-05-24T02:59:48.865Z] Checked if tokens are valid: true, expires at: 1779594725177
[debug] [2026-05-24T02:59:48.865Z] >>> [apiv2][query] GET https://serviceusage.googleapis.com/v1/projects/gridvibe-537aa/services/firebaseextensions.googleapis.com [none]
[debug] [2026-05-24T02:59:48.865Z] >>> [apiv2][(partial)header] GET https://serviceusage.googleapis.com/v1/projects/gridvibe-537aa/services/firebaseextensions.googleapis.com  x-goog-user-project=gridvibe-537aa
[debug] [2026-05-24T02:59:50.323Z] <<< [apiv2][status] GET https://serviceusage.googleapis.com/v1/projects/gridvibe-537aa/services/firebaseextensions.googleapis.com 200
[debug] [2026-05-24T02:59:50.323Z] <<< [apiv2][body] GET https://serviceusage.googleapis.com/v1/projects/gridvibe-537aa/services/firebaseextensions.googleapis.com [omitted]
[warn] !  extensions: missing required API firebaseextensions.googleapis.com. Enabling now... 
[debug] [2026-05-24T02:59:50.324Z] Checked if tokens are valid: true, expires at: 1779594725177
[debug] [2026-05-24T02:59:50.324Z] Checked if tokens are valid: true, expires at: 1779594725177
[debug] [2026-05-24T02:59:50.324Z] >>> [apiv2][query] POST https://serviceusage.googleapis.com/v1/projects/gridvibe-537aa/services/firebaseextensions.googleapis.com:enable [none]
[debug] [2026-05-24T02:59:50.324Z] >>> [apiv2][(partial)header] POST https://serviceusage.googleapis.com/v1/projects/gridvibe-537aa/services/firebaseextensions.googleapis.com:enable  x-goog-user-project=gridvibe-537aa
[debug] [2026-05-24T02:59:51.074Z] <<< [apiv2][status] POST https://serviceusage.googleapis.com/v1/projects/gridvibe-537aa/services/firebaseextensions.googleapis.com:enable 200
[debug] [2026-05-24T02:59:51.075Z] <<< [apiv2][body] POST https://serviceusage.googleapis.com/v1/projects/gridvibe-537aa/services/firebaseextensions.googleapis.com:enable [omitted]
[debug] [2026-05-24T03:00:01.091Z] > command requires scopes: ["email","openid","https://www.googleapis.com/auth/cloudplatformprojects.readonly","https://www.googleapis.com/auth/firebase","https://www.googleapis.com/auth/cloud-platform"]
[debug] [2026-05-24T03:00:01.091Z] > authorizing via signed-in user (a01042212450@gmail.com)
[debug] [2026-05-24T03:00:01.091Z] [iam] checking project gridvibe-537aa for permissions ["firebase.projects.get","firebaseextensions.instances.list"]
[debug] [2026-05-24T03:00:01.091Z] Checked if tokens are valid: true, expires at: 1779594725177
[debug] [2026-05-24T03:00:01.091Z] Checked if tokens are valid: true, expires at: 1779594725177
[debug] [2026-05-24T03:00:01.091Z] >>> [apiv2][query] POST https://cloudresourcemanager.googleapis.com/v1/projects/gridvibe-537aa:testIamPermissions [none]
[debug] [2026-05-24T03:00:01.091Z] >>> [apiv2][(partial)header] POST https://cloudresourcemanager.googleapis.com/v1/projects/gridvibe-537aa:testIamPermissions  x-goog-user-project=gridvibe-537aa
[debug] [2026-05-24T03:00:01.091Z] >>> [apiv2][body] POST https://cloudresourcemanager.googleapis.com/v1/projects/gridvibe-537aa:testIamPermissions {"permissions":["firebase.projects.get","firebaseextensions.instances.list"]}
[debug] [2026-05-24T03:00:01.489Z] <<< [apiv2][status] POST https://cloudresourcemanager.googleapis.com/v1/projects/gridvibe-537aa:testIamPermissions 200
[debug] [2026-05-24T03:00:01.489Z] <<< [apiv2][body] POST https://cloudresourcemanager.googleapis.com/v1/projects/gridvibe-537aa:testIamPermissions {"permissions":["firebase.projects.get","firebaseextensions.instances.list"]}
[debug] [2026-05-24T03:00:01.489Z] Checked if tokens are valid: true, expires at: 1779594725177
[debug] [2026-05-24T03:00:01.489Z] Checked if tokens are valid: true, expires at: 1779594725177
[debug] [2026-05-24T03:00:01.489Z] >>> [apiv2][query] GET https://firebaseextensions.googleapis.com/v1beta/projects/gridvibe-537aa/instances pageSize=100&pageToken=
[debug] [2026-05-24T03:00:03.852Z] <<< [apiv2][status] GET https://firebaseextensions.googleapis.com/v1beta/projects/gridvibe-537aa/instances 200
[debug] [2026-05-24T03:00:03.852Z] <<< [apiv2][body] GET https://firebaseextensions.googleapis.com/v1beta/projects/gridvibe-537aa/instances {}
[info] i  functions: preparing functions directory for uploading... 
[info] i  functions: packaged C:\부업\functions (33.74 KB) for uploading 
[info] i  functions: ensuring required API run.googleapis.com is enabled... 
[debug] [2026-05-24T03:00:03.898Z] Checked if tokens are valid: true, expires at: 1779594725177
[debug] [2026-05-24T03:00:03.898Z] Checked if tokens are valid: true, expires at: 1779594725177
[info] i  functions: ensuring required API eventarc.googleapis.com is enabled... 
[debug] [2026-05-24T03:00:03.899Z] Checked if tokens are valid: true, expires at: 1779594725177
[debug] [2026-05-24T03:00:03.899Z] Checked if tokens are valid: true, expires at: 1779594725177
[info] i  functions: ensuring required API pubsub.googleapis.com is enabled... 
[debug] [2026-05-24T03:00:03.899Z] Checked if tokens are valid: true, expires at: 1779594725177
[debug] [2026-05-24T03:00:03.899Z] Checked if tokens are valid: true, expires at: 1779594725177
[info] i  functions: ensuring required API storage.googleapis.com is enabled... 
[debug] [2026-05-24T03:00:03.900Z] Checked if tokens are valid: true, expires at: 1779594725177
[debug] [2026-05-24T03:00:03.900Z] Checked if tokens are valid: true, expires at: 1779594725177
[debug] [2026-05-24T03:00:03.900Z] >>> [apiv2][query] GET https://serviceusage.googleapis.com/v1/projects/218314165754/services/run.googleapis.com [none]
[debug] [2026-05-24T03:00:03.900Z] >>> [apiv2][(partial)header] GET https://serviceusage.googleapis.com/v1/projects/218314165754/services/run.googleapis.com  x-goog-user-project=218314165754
[debug] [2026-05-24T03:00:03.904Z] >>> [apiv2][query] GET https://serviceusage.googleapis.com/v1/projects/218314165754/services/eventarc.googleapis.com [none]
[debug] [2026-05-24T03:00:03.905Z] >>> [apiv2][(partial)header] GET https://serviceusage.googleapis.com/v1/projects/218314165754/services/eventarc.googleapis.com  x-goog-user-project=218314165754
[debug] [2026-05-24T03:00:03.907Z] >>> [apiv2][query] GET https://serviceusage.googleapis.com/v1/projects/218314165754/services/pubsub.googleapis.com [none]
[debug] [2026-05-24T03:00:03.907Z] >>> [apiv2][(partial)header] GET https://serviceusage.googleapis.com/v1/projects/218314165754/services/pubsub.googleapis.com  x-goog-user-project=218314165754
[debug] [2026-05-24T03:00:03.910Z] >>> [apiv2][query] GET https://serviceusage.googleapis.com/v1/projects/218314165754/services/storage.googleapis.com [none]
[debug] [2026-05-24T03:00:03.911Z] >>> [apiv2][(partial)header] GET https://serviceusage.googleapis.com/v1/projects/218314165754/services/storage.googleapis.com  x-goog-user-project=218314165754
[debug] [2026-05-24T03:00:05.348Z] <<< [apiv2][status] GET https://serviceusage.googleapis.com/v1/projects/218314165754/services/eventarc.googleapis.com 200
[debug] [2026-05-24T03:00:05.348Z] <<< [apiv2][body] GET https://serviceusage.googleapis.com/v1/projects/218314165754/services/eventarc.googleapis.com [omitted]
[warn] !  functions: missing required API eventarc.googleapis.com. Enabling now... 
[debug] [2026-05-24T03:00:05.349Z] Checked if tokens are valid: true, expires at: 1779594725177
[debug] [2026-05-24T03:00:05.349Z] Checked if tokens are valid: true, expires at: 1779594725177
[debug] [2026-05-24T03:00:05.349Z] >>> [apiv2][query] POST https://serviceusage.googleapis.com/v1/projects/218314165754/services/eventarc.googleapis.com:enable [none]
[debug] [2026-05-24T03:00:05.349Z] >>> [apiv2][(partial)header] POST https://serviceusage.googleapis.com/v1/projects/218314165754/services/eventarc.googleapis.com:enable  x-goog-user-project=218314165754
[debug] [2026-05-24T03:00:05.381Z] <<< [apiv2][status] GET https://serviceusage.googleapis.com/v1/projects/218314165754/services/pubsub.googleapis.com 200
[debug] [2026-05-24T03:00:05.381Z] <<< [apiv2][body] GET https://serviceusage.googleapis.com/v1/projects/218314165754/services/pubsub.googleapis.com [omitted]
[info] +  functions: required API pubsub.googleapis.com is enabled 
[debug] [2026-05-24T03:00:05.388Z] <<< [apiv2][status] GET https://serviceusage.googleapis.com/v1/projects/218314165754/services/run.googleapis.com 200
[debug] [2026-05-24T03:00:05.388Z] <<< [apiv2][body] GET https://serviceusage.googleapis.com/v1/projects/218314165754/services/run.googleapis.com [omitted]
[warn] !  functions: missing required API run.googleapis.com. Enabling now... 
[debug] [2026-05-24T03:00:05.388Z] Checked if tokens are valid: true, expires at: 1779594725177
[debug] [2026-05-24T03:00:05.388Z] Checked if tokens are valid: true, expires at: 1779594725177
[debug] [2026-05-24T03:00:05.388Z] >>> [apiv2][query] POST https://serviceusage.googleapis.com/v1/projects/218314165754/services/run.googleapis.com:enable [none]
[debug] [2026-05-24T03:00:05.388Z] >>> [apiv2][(partial)header] POST https://serviceusage.googleapis.com/v1/projects/218314165754/services/run.googleapis.com:enable  x-goog-user-project=218314165754
[debug] [2026-05-24T03:00:05.441Z] <<< [apiv2][status] GET https://serviceusage.googleapis.com/v1/projects/218314165754/services/storage.googleapis.com 200
[debug] [2026-05-24T03:00:05.441Z] <<< [apiv2][body] GET https://serviceusage.googleapis.com/v1/projects/218314165754/services/storage.googleapis.com [omitted]
[info] +  functions: required API storage.googleapis.com is enabled 
[debug] [2026-05-24T03:00:05.887Z] <<< [apiv2][status] POST https://serviceusage.googleapis.com/v1/projects/218314165754/services/eventarc.googleapis.com:enable 200
[debug] [2026-05-24T03:00:05.887Z] <<< [apiv2][body] POST https://serviceusage.googleapis.com/v1/projects/218314165754/services/eventarc.googleapis.com:enable [omitted]
[debug] [2026-05-24T03:00:06.886Z] <<< [apiv2][status] POST https://serviceusage.googleapis.com/v1/projects/218314165754/services/run.googleapis.com:enable 200
[debug] [2026-05-24T03:00:06.887Z] <<< [apiv2][body] POST https://serviceusage.googleapis.com/v1/projects/218314165754/services/run.googleapis.com:enable [omitted]
[info] i  functions: generating the service identity for pubsub.googleapis.com... 
[debug] [2026-05-24T03:00:16.897Z] Checked if tokens are valid: true, expires at: 1779594725177
[debug] [2026-05-24T03:00:16.897Z] Checked if tokens are valid: true, expires at: 1779594725177
[info] i  functions: generating the service identity for eventarc.googleapis.com... 
[debug] [2026-05-24T03:00:16.897Z] Checked if tokens are valid: true, expires at: 1779594725177
[debug] [2026-05-24T03:00:16.897Z] Checked if tokens are valid: true, expires at: 1779594725177
[debug] [2026-05-24T03:00:16.897Z] >>> [apiv2][query] POST https://serviceusage.googleapis.com/v1beta1/projects/218314165754/services/pubsub.googleapis.com:generateServiceIdentity [none]
[debug] [2026-05-24T03:00:16.897Z] >>> [apiv2][(partial)header] POST https://serviceusage.googleapis.com/v1beta1/projects/218314165754/services/pubsub.googleapis.com:generateServiceIdentity  x-goog-user-project=218314165754
[debug] [2026-05-24T03:00:16.897Z] >>> [apiv2][body] POST https://serviceusage.googleapis.com/v1beta1/projects/218314165754/services/pubsub.googleapis.com:generateServiceIdentity {}
[debug] [2026-05-24T03:00:16.898Z] >>> [apiv2][query] POST https://serviceusage.googleapis.com/v1beta1/projects/218314165754/services/eventarc.googleapis.com:generateServiceIdentity [none]
[debug] [2026-05-24T03:00:16.898Z] >>> [apiv2][(partial)header] POST https://serviceusage.googleapis.com/v1beta1/projects/218314165754/services/eventarc.googleapis.com:generateServiceIdentity  x-goog-user-project=218314165754
[debug] [2026-05-24T03:00:16.898Z] >>> [apiv2][body] POST https://serviceusage.googleapis.com/v1beta1/projects/218314165754/services/eventarc.googleapis.com:generateServiceIdentity {}
[debug] [2026-05-24T03:00:18.833Z] <<< [apiv2][status] POST https://serviceusage.googleapis.com/v1beta1/projects/218314165754/services/pubsub.googleapis.com:generateServiceIdentity 200
[debug] [2026-05-24T03:00:18.833Z] <<< [apiv2][body] POST https://serviceusage.googleapis.com/v1beta1/projects/218314165754/services/pubsub.googleapis.com:generateServiceIdentity {"name":"operations/finished.DONE_OPERATION","done":true,"response":{"@type":"type.googleapis.com/google.api.serviceusage.v1beta1.ServiceIdentity","email":"service-218314165754@gcp-sa-pubsub.iam.gserviceaccount.com","uniqueId":"107743870036356202140"}}
[debug] [2026-05-24T03:00:18.916Z] <<< [apiv2][status] POST https://serviceusage.googleapis.com/v1beta1/projects/218314165754/services/eventarc.googleapis.com:generateServiceIdentity 200
[debug] [2026-05-24T03:00:18.916Z] <<< [apiv2][body] POST https://serviceusage.googleapis.com/v1beta1/projects/218314165754/services/eventarc.googleapis.com:generateServiceIdentity {"name":"operations/finished.DONE_OPERATION","done":true,"response":{"@type":"type.googleapis.com/google.api.serviceusage.v1beta1.ServiceIdentity","email":"service-218314165754@gcp-sa-eventarc.iam.gserviceaccount.com","uniqueId":"116945343053789597060"}}
[debug] [2026-05-24T03:00:18.918Z] Checked if tokens are valid: true, expires at: 1779594725177
[debug] [2026-05-24T03:00:18.918Z] Checked if tokens are valid: true, expires at: 1779594725177
[debug] [2026-05-24T03:00:18.918Z] >>> [apiv2][query] GET https://cloudresourcemanager.googleapis.com/v1/projects/gridvibe-537aa [none]
[debug] [2026-05-24T03:00:19.264Z] <<< [apiv2][status] GET https://cloudresourcemanager.googleapis.com/v1/projects/gridvibe-537aa 200
[debug] [2026-05-24T03:00:19.264Z] <<< [apiv2][body] GET https://cloudresourcemanager.googleapis.com/v1/projects/gridvibe-537aa {"projectNumber":"218314165754","projectId":"gridvibe-537aa","lifecycleState":"ACTIVE","name":"gridvibe","labels":{"firebase":"enabled","firebase-core":"disabled"},"createTime":"2026-05-23T08:22:06.596Z"}
[debug] [2026-05-24T03:00:19.264Z] Checked if tokens are valid: true, expires at: 1779594725177
[debug] [2026-05-24T03:00:19.264Z] Checked if tokens are valid: true, expires at: 1779594725177
[debug] [2026-05-24T03:00:19.264Z] >>> [apiv2][query] GET https://compute.googleapis.com/compute/v1/projects/218314165754 [none]
[debug] [2026-05-24T03:00:19.649Z] <<< [apiv2][status] GET https://compute.googleapis.com/compute/v1/projects/218314165754 403
[debug] [2026-05-24T03:00:19.649Z] <<< [apiv2][body] GET https://compute.googleapis.com/compute/v1/projects/218314165754 {"error":{"code":403,"message":"Compute Engine API has not been used in project 218314165754 before or it is disabled. Enable it by visiting https://console.developers.google.com/apis/api/compute.googleapis.com/overview?project=218314165754 then retry. If you enabled this API recently, wait a few minutes for the action to propagate to our systems and retry.","errors":[{"message":"Compute Engine API has not been used in project 218314165754 before or it is disabled. Enable it by visiting https://console.developers.google.com/apis/api/compute.googleapis.com/overview?project=218314165754 then retry. If you enabled this API recently, wait a few minutes for the action to propagate to our systems and retry.","domain":"usageLimits","reason":"accessNotConfigured","extendedHelp":"https://console.developers.google.com"}],"status":"PERMISSION_DENIED","details":[{"@type":"type.googleapis.com/google.rpc.ErrorInfo","reason":"SERVICE_DISABLED","domain":"googleapis.com","metadata":{"consumer":"projects/218314165754","service":"compute.googleapis.com","serviceTitle":"Compute Engine API","containerInfo":"218314165754","activationUrl":"https://console.developers.google.com/apis/api/compute.googleapis.com/overview?project=218314165754"}},{"@type":"type.googleapis.com/google.rpc.LocalizedMessage","locale":"en-US","message":"Compute Engine API has not been used in project 218314165754 before or it is disabled. Enable it by visiting https://console.developers.google.com/apis/api/compute.googleapis.com/overview?project=218314165754 then retry. If you enabled this API recently, wait a few minutes for the action to propagate to our systems and retry."},{"@type":"type.googleapis.com/google.rpc.Help","links":[{"description":"Google developers console API activation","url":"https://console.developers.google.com/apis/api/compute.googleapis.com/overview?project=218314165754"}]}]}}
[debug] [2026-05-24T03:00:19.649Z] unable to look up default compute service account. Falling back to 218314165754-compute@developer.gserviceaccount.com. Error: {"name":"FirebaseError","children":[],"context":{"body":{"error":{"code":403,"message":"Compute Engine API has not been used in project 218314165754 before or it is disabled. Enable it by visiting https://console.developers.google.com/apis/api/compute.googleapis.com/overview?project=218314165754 then retry. If you enabled this API recently, wait a few minutes for the action to propagate to our systems and retry.","errors":[{"message":"Compute Engine API has not been used in project 218314165754 before or it is disabled. Enable it by visiting https://console.developers.google.com/apis/api/compute.googleapis.com/overview?project=218314165754 then retry. If you enabled this API recently, wait a few minutes for the action to propagate to our systems and retry.","domain":"usageLimits","reason":"accessNotConfigured","extendedHelp":"https://console.developers.google.com"}],"status":"PERMISSION_DENIED","details":[{"@type":"type.googleapis.com/google.rpc.ErrorInfo","reason":"SERVICE_DISABLED","domain":"googleapis.com","metadata":{"consumer":"projects/218314165754","service":"compute.googleapis.com","serviceTitle":"Compute Engine API","containerInfo":"218314165754","activationUrl":"https://console.developers.google.com/apis/api/compute.googleapis.com/overview?project=218314165754"}},{"@type":"type.googleapis.com/google.rpc.LocalizedMessage","locale":"en-US","message":"Compute Engine API has not been used in project 218314165754 before or it is disabled. Enable it by visiting https://console.developers.google.com/apis/api/compute.googleapis.com/overview?project=218314165754 then retry. If you enabled this API recently, wait a few minutes for the action to propagate to our systems and retry."},{"@type":"type.googleapis.com/google.rpc.Help","links":[{"description":"Google developers console API activation","url":"https://console.developers.google.com/apis/api/compute.googleapis.com/overview?project=218314165754"}]}]}},"response":{"statusCode":403}},"exit":1,"message":"Request to https://compute.googleapis.com/compute/v1/projects/218314165754 had HTTP Error: 403, Compute Engine API has not been used in project 218314165754 before or it is disabled. Enable it by visiting https://console.developers.google.com/apis/api/compute.googleapis.com/overview?project=218314165754 then retry. If you enabled this API recently, wait a few minutes for the action to propagate to our systems and retry.","status":403}
[debug] [2026-05-24T03:00:19.650Z] Checked if tokens are valid: true, expires at: 1779594725177
[debug] [2026-05-24T03:00:19.650Z] Checked if tokens are valid: true, expires at: 1779594725177
[debug] [2026-05-24T03:00:19.650Z] >>> [apiv2][query] GET https://cloudbilling.googleapis.com/v1/projects/gridvibe-537aa/billingInfo [none]
[debug] [2026-05-24T03:00:20.927Z] <<< [apiv2][status] GET https://cloudbilling.googleapis.com/v1/projects/gridvibe-537aa/billingInfo 200
[debug] [2026-05-24T03:00:20.927Z] <<< [apiv2][body] GET https://cloudbilling.googleapis.com/v1/projects/gridvibe-537aa/billingInfo {"name":"projects/gridvibe-537aa/billingInfo","projectId":"gridvibe-537aa","billingAccountName":"billingAccounts/011E46-011A41-87CB8E","billingEnabled":true}
[debug] [2026-05-24T03:00:20.928Z] [functions] found 1 new HTTP functions, testing setIamPolicy permission...
[debug] [2026-05-24T03:00:20.928Z] Checked if tokens are valid: true, expires at: 1779594725177
[debug] [2026-05-24T03:00:20.928Z] Checked if tokens are valid: true, expires at: 1779594725177
[debug] [2026-05-24T03:00:20.928Z] >>> [apiv2][query] POST https://cloudresourcemanager.googleapis.com/v1/projects/gridvibe-537aa:testIamPermissions [none]
[debug] [2026-05-24T03:00:20.928Z] >>> [apiv2][(partial)header] POST https://cloudresourcemanager.googleapis.com/v1/projects/gridvibe-537aa:testIamPermissions  x-goog-user-project=gridvibe-537aa
[debug] [2026-05-24T03:00:20.929Z] >>> [apiv2][body] POST https://cloudresourcemanager.googleapis.com/v1/projects/gridvibe-537aa:testIamPermissions {"permissions":["cloudfunctions.functions.setIamPolicy"]}
[debug] [2026-05-24T03:00:21.127Z] <<< [apiv2][status] POST https://cloudresourcemanager.googleapis.com/v1/projects/gridvibe-537aa:testIamPermissions 200
[debug] [2026-05-24T03:00:21.127Z] <<< [apiv2][body] POST https://cloudresourcemanager.googleapis.com/v1/projects/gridvibe-537aa:testIamPermissions {"permissions":["cloudfunctions.functions.setIamPolicy"]}
[debug] [2026-05-24T03:00:21.127Z] [functions] found setIamPolicy permission, proceeding with deploy
[debug] [2026-05-24T03:00:21.128Z] Checked if tokens are valid: true, expires at: 1779594725177
[debug] [2026-05-24T03:00:21.128Z] Checked if tokens are valid: true, expires at: 1779594725177
[debug] [2026-05-24T03:00:21.128Z] >>> [apiv2][query] POST https://cloudfunctions.googleapis.com/v2/projects/gridvibe-537aa/locations/us-central1/functions:generateUploadUrl [none]
[debug] [2026-05-24T03:00:23.609Z] <<< [apiv2][status] POST https://cloudfunctions.googleapis.com/v2/projects/gridvibe-537aa/locations/us-central1/functions:generateUploadUrl 200
[debug] [2026-05-24T03:00:23.609Z] <<< [apiv2][body] POST https://cloudfunctions.googleapis.com/v2/projects/gridvibe-537aa/locations/us-central1/functions:generateUploadUrl {"uploadUrl":"https://storage.googleapis.com/gcf-v2-uploads-218314165754.us-central1.cloudfunctions.appspot.com/61054fb9-038b-4a88-8136-2ce5ff1f2cde.zip?GoogleAccessId=service-218314165754@gcf-admin-robot.iam.gserviceaccount.com&Expires=1779593423&Signature=KYrBFo6UHEx5nXIS5%2FS2oItrxIW5p%2B9YVC6P%2FScQcbXekuZhOcGcnscMdwKrR0wpKJAZYWttATyng4Fz%2FqVHbzINJLinNBsxeH3W56Uq%2BUxuspYMDDP%2BPABlD3w%2FYhlkgaSnNCwloX1nort%2B7b%2BeIvEAtNHfYOQgb3FvjZY4Q3s6LyfmOrKm6OT9sEk3VzE9QQsgPys61y80rqrVRU%2B6S4RmSS8oSGpY08WXg%2B5Hhgrxzlt3a9t548uDM2CoW4gy1hJAlwv%2BPq56x69UcrjNILTp%2F7id10bWM3oGMpptTMQ06ZRsDqnCK9F67yYvmb0LiAnQcCmSU46plTuowiGNnw%3D%3D","storageSource":{"bucket":"gcf-v2-uploads-218314165754.us-central1.cloudfunctions.appspot.com","object":"61054fb9-038b-4a88-8136-2ce5ff1f2cde.zip"}}
[debug] [2026-05-24T03:00:23.609Z] >>> [apiv2][query] PUT https://storage.googleapis.com/gcf-v2-uploads-218314165754.us-central1.cloudfunctions.appspot.com/61054fb9-038b-4a88-8136-2ce5ff1f2cde.zip GoogleAccessId=service-218314165754%40gcf-admin-robot.iam.gserviceaccount.com&Expires=1779593423&Signature=KYrBFo6UHEx5nXIS5%2FS2oItrxIW5p%2B9YVC6P%2FScQcbXekuZhOcGcnscMdwKrR0wpKJAZYWttATyng4Fz%2FqVHbzINJLinNBsxeH3W56Uq%2BUxuspYMDDP%2BPABlD3w%2FYhlkgaSnNCwloX1nort%2B7b%2BeIvEAtNHfYOQgb3FvjZY4Q3s6LyfmOrKm6OT9sEk3VzE9QQsgPys61y80rqrVRU%2B6S4RmSS8oSGpY08WXg%2B5Hhgrxzlt3a9t548uDM2CoW4gy1hJAlwv%2BPq56x69UcrjNILTp%2F7id10bWM3oGMpptTMQ06ZRsDqnCK9F67yYvmb0LiAnQcCmSU46plTuowiGNnw%3D%3D
[debug] [2026-05-24T03:00:23.609Z] >>> [apiv2][body] PUT https://storage.googleapis.com/gcf-v2-uploads-218314165754.us-central1.cloudfunctions.appspot.com/61054fb9-038b-4a88-8136-2ce5ff1f2cde.zip [stream]
[debug] [2026-05-24T03:00:24.311Z] <<< [apiv2][status] PUT https://storage.googleapis.com/gcf-v2-uploads-218314165754.us-central1.cloudfunctions.appspot.com/61054fb9-038b-4a88-8136-2ce5ff1f2cde.zip 200
[debug] [2026-05-24T03:00:24.311Z] <<< [apiv2][body] PUT https://storage.googleapis.com/gcf-v2-uploads-218314165754.us-central1.cloudfunctions.appspot.com/61054fb9-038b-4a88-8136-2ce5ff1f2cde.zip [omitted]
[info] +  functions: functions source uploaded successfully 
[info] i  functions: creating Node.js 20 (2nd Gen) function verifyTossPayment(us-central1)... 
[debug] [2026-05-24T03:00:24.314Z] Checked if tokens are valid: true, expires at: 1779594725177
[debug] [2026-05-24T03:00:24.314Z] Checked if tokens are valid: true, expires at: 1779594725177
[debug] [2026-05-24T03:00:24.314Z] >>> [apiv2][query] POST https://cloudfunctions.googleapis.com/v2/projects/gridvibe-537aa/locations/us-central1/functions functionId=verifyTossPayment
[debug] [2026-05-24T03:00:24.314Z] >>> [apiv2][body] POST https://cloudfunctions.googleapis.com/v2/projects/gridvibe-537aa/locations/us-central1/functions {"name":"projects/gridvibe-537aa/locations/us-central1/functions/verifyTossPayment","buildConfig":{"runtime":"nodejs20","entryPoint":"verifyTossPayment","source":{"storageSource":{"bucket":"gcf-v2-uploads-218314165754.us-central1.cloudfunctions.appspot.com","object":"61054fb9-038b-4a88-8136-2ce5ff1f2cde.zip"}},"environmentVariables":{"GOOGLE_NODE_RUN_SCRIPTS":""}},"serviceConfig":{"environmentVariables":{"FIREBASE_CONFIG":"{\"projectId\":\"gridvibe-537aa\",\"storageBucket\":\"gridvibe-537aa.firebasestorage.app\"}","GCLOUD_PROJECT":"gridvibe-537aa","EVENTARC_CLOUD_EVENT_SOURCE":"projects/gridvibe-537aa/locations/us-central1/services/verifyTossPayment","FUNCTION_TARGET":"verifyTossPayment","LOG_EXECUTION_ID":"true"},"ingressSettings":null,"timeoutSeconds":null,"serviceAccountEmail":null,"availableMemory":"256Mi","minInstanceCount":null,"maxInstanceCount":null,"maxInstanceRequestConcurrency":80,"availableCpu":"1","vpcConnector":null,"vpcConnectorEgressSettings":null,"directVpcNetworkInterface":null,"directVpcEgress":null},"labels":{"deployment-tool":"cli-firebase","firebase-functions-hash":"342ad400f94ecf9626fe8a01fe38fdfaaad1aaec"}}
[debug] [2026-05-24T03:00:26.592Z] <<< [apiv2][status] POST https://cloudfunctions.googleapis.com/v2/projects/gridvibe-537aa/locations/us-central1/functions 200
[debug] [2026-05-24T03:00:26.592Z] <<< [apiv2][body] POST https://cloudfunctions.googleapis.com/v2/projects/gridvibe-537aa/locations/us-central1/functions {"name":"projects/gridvibe-537aa/locations/us-central1/operations/operation-1779591625542-6528776af8bb1-83e2f842-463f0486","metadata":{"@type":"type.googleapis.com/google.cloud.functions.v2.OperationMetadata","createTime":"2026-05-24T03:00:26.632067827Z","target":"projects/gridvibe-537aa/locations/us-central1/functions/verifyTossPayment","verb":"create","cancelRequested":false,"apiVersion":"v2"},"done":false}
[debug] [2026-05-24T03:00:26.593Z] Checked if tokens are valid: true, expires at: 1779594725177
[debug] [2026-05-24T03:00:26.593Z] Checked if tokens are valid: true, expires at: 1779594725177
[debug] [2026-05-24T03:00:26.593Z] >>> [apiv2][query] GET https://cloudfunctions.googleapis.com/v2/projects/gridvibe-537aa/locations/us-central1/operations/operation-1779591625542-6528776af8bb1-83e2f842-463f0486 [none]
[debug] [2026-05-24T03:00:27.065Z] <<< [apiv2][status] GET https://cloudfunctions.googleapis.com/v2/projects/gridvibe-537aa/locations/us-central1/operations/operation-1779591625542-6528776af8bb1-83e2f842-463f0486 200
[debug] [2026-05-24T03:00:27.065Z] <<< [apiv2][body] GET https://cloudfunctions.googleapis.com/v2/projects/gridvibe-537aa/locations/us-central1/operations/operation-1779591625542-6528776af8bb1-83e2f842-463f0486 {"name":"projects/gridvibe-537aa/locations/us-central1/operations/operation-1779591625542-6528776af8bb1-83e2f842-463f0486","metadata":{"@type":"type.googleapis.com/google.cloud.functions.v2.OperationMetadata","createTime":"2026-05-24T03:00:26.632067827Z","target":"projects/gridvibe-537aa/locations/us-central1/functions/verifyTossPayment","verb":"create","cancelRequested":false,"apiVersion":"v2","requestResource":{"@type":"type.googleapis.com/google.cloud.functions.v2.Function","name":"projects/gridvibe-537aa/locations/us-central1/functions/verifyTossPayment","buildConfig":{"runtime":"nodejs20","entryPoint":"verifyTossPayment","source":{"storageSource":{"bucket":"gcf-v2-sources-218314165754-us-central1","object":"verifyTossPayment/function-source.zip","generation":"1779591626316893"}},"environmentVariables":{"GOOGLE_NODE_RUN_SCRIPTS":""},"serviceAccount":"projects/gridvibe-537aa/serviceAccounts/218314165754-compute@developer.gserviceaccount.com","automaticUpdatePolicy":{}},"serviceConfig":{"service":"projects/gridvibe-537aa/locations/us-central1/services/verifytosspayment","timeoutSeconds":60,"environmentVariables":{"FIREBASE_CONFIG":"{\"projectId\":\"gridvibe-537aa\",\"storageBucket\":\"gridvibe-537aa.firebasestorage.app\"}","GCLOUD_PROJECT":"gridvibe-537aa","EVENTARC_CLOUD_EVENT_SOURCE":"projects/gridvibe-537aa/locations/us-central1/services/verifyTossPayment","FUNCTION_TARGET":"verifyTossPayment","LOG_EXECUTION_ID":"true"},"ingressSettings":"ALLOW_ALL","serviceAccountEmail":"218314165754-compute@developer.gserviceaccount.com","availableMemory":"256Mi","maxInstanceRequestConcurrency":80,"availableCpu":"1"},"labels":{"deployment-tool":"cli-firebase","firebase-functions-hash":"342ad400f94ecf9626fe8a01fe38fdfaaad1aaec"},"environment":"GEN_2"},"stages":[{"name":"BUILD","state":"NOT_STARTED","stateMessages":[{"severity":"WARNING","type":"BuildAnalysisWarning","message":"Node.js 20 is no longer supported by the Node.js community as of 30 April, 2026. Runtime nodejs20 is currently deprecated for Cloud Functions. We recommend you to upgrade to the latest version of Node.js as soon as possible."}]},{"name":"SERVICE","state":"NOT_STARTED"}],"operationType":"CREATE_FUNCTION"},"done":false}
[debug] [2026-05-24T03:00:27.566Z] [create-default-us-central1-verifyTossPayment] Retrying task index 0
[debug] [2026-05-24T03:00:27.567Z] Checked if tokens are valid: true, expires at: 1779594725177
[debug] [2026-05-24T03:00:27.567Z] Checked if tokens are valid: true, expires at: 1779594725177
[debug] [2026-05-24T03:00:27.567Z] >>> [apiv2][query] GET https://cloudfunctions.googleapis.com/v2/projects/gridvibe-537aa/locations/us-central1/operations/operation-1779591625542-6528776af8bb1-83e2f842-463f0486 [none]
[debug] [2026-05-24T03:00:28.619Z] <<< [apiv2][status] GET https://cloudfunctions.googleapis.com/v2/projects/gridvibe-537aa/locations/us-central1/operations/operation-1779591625542-6528776af8bb1-83e2f842-463f0486 200
[debug] [2026-05-24T03:00:28.619Z] <<< [apiv2][body] GET https://cloudfunctions.googleapis.com/v2/projects/gridvibe-537aa/locations/us-central1/operations/operation-1779591625542-6528776af8bb1-83e2f842-463f0486 {"name":"projects/gridvibe-537aa/locations/us-central1/operations/operation-1779591625542-6528776af8bb1-83e2f842-463f0486","metadata":{"@type":"type.googleapis.com/google.cloud.functions.v2.OperationMetadata","createTime":"2026-05-24T03:00:26.632067827Z","target":"projects/gridvibe-537aa/locations/us-central1/functions/verifyTossPayment","verb":"create","cancelRequested":false,"apiVersion":"v2","requestResource":{"@type":"type.googleapis.com/google.cloud.functions.v2.Function","name":"projects/gridvibe-537aa/locations/us-central1/functions/verifyTossPayment","buildConfig":{"runtime":"nodejs20","entryPoint":"verifyTossPayment","source":{"storageSource":{"bucket":"gcf-v2-sources-218314165754-us-central1","object":"verifyTossPayment/function-source.zip","generation":"1779591626316893"}},"environmentVariables":{"GOOGLE_NODE_RUN_SCRIPTS":""},"serviceAccount":"projects/gridvibe-537aa/serviceAccounts/218314165754-compute@developer.gserviceaccount.com","automaticUpdatePolicy":{}},"serviceConfig":{"service":"projects/gridvibe-537aa/locations/us-central1/services/verifytosspayment","timeoutSeconds":60,"environmentVariables":{"FIREBASE_CONFIG":"{\"projectId\":\"gridvibe-537aa\",\"storageBucket\":\"gridvibe-537aa.firebasestorage.app\"}","GCLOUD_PROJECT":"gridvibe-537aa","EVENTARC_CLOUD_EVENT_SOURCE":"projects/gridvibe-537aa/locations/us-central1/services/verifyTossPayment","FUNCTION_TARGET":"verifyTossPayment","LOG_EXECUTION_ID":"true"},"ingressSettings":"ALLOW_ALL","serviceAccountEmail":"218314165754-compute@developer.gserviceaccount.com","availableMemory":"256Mi","maxInstanceRequestConcurrency":80,"availableCpu":"1"},"labels":{"deployment-tool":"cli-firebase","firebase-functions-hash":"342ad400f94ecf9626fe8a01fe38fdfaaad1aaec"},"environment":"GEN_2"},"stages":[{"name":"BUILD","state":"NOT_STARTED","stateMessages":[{"severity":"WARNING","type":"BuildAnalysisWarning","message":"Node.js 20 is no longer supported by the Node.js community as of 30 April, 2026. Runtime nodejs20 is currently deprecated for Cloud Functions. We recommend you to upgrade to the latest version of Node.js as soon as possible."}]},{"name":"SERVICE","state":"NOT_STARTED"}],"operationType":"CREATE_FUNCTION"},"done":false}
[debug] [2026-05-24T03:00:29.631Z] [create-default-us-central1-verifyTossPayment] Retrying task index 0
[debug] [2026-05-24T03:00:29.631Z] Checked if tokens are valid: true, expires at: 1779594725177
[debug] [2026-05-24T03:00:29.631Z] Checked if tokens are valid: true, expires at: 1779594725177
[debug] [2026-05-24T03:00:29.631Z] >>> [apiv2][query] GET https://cloudfunctions.googleapis.com/v2/projects/gridvibe-537aa/locations/us-central1/operations/operation-1779591625542-6528776af8bb1-83e2f842-463f0486 [none]
[debug] [2026-05-24T03:00:30.680Z] <<< [apiv2][status] GET https://cloudfunctions.googleapis.com/v2/projects/gridvibe-537aa/locations/us-central1/operations/operation-1779591625542-6528776af8bb1-83e2f842-463f0486 200
[debug] [2026-05-24T03:00:30.680Z] <<< [apiv2][body] GET https://cloudfunctions.googleapis.com/v2/projects/gridvibe-537aa/locations/us-central1/operations/operation-1779591625542-6528776af8bb1-83e2f842-463f0486 {"name":"projects/gridvibe-537aa/locations/us-central1/operations/operation-1779591625542-6528776af8bb1-83e2f842-463f0486","metadata":{"@type":"type.googleapis.com/google.cloud.functions.v2.OperationMetadata","createTime":"2026-05-24T03:00:26.632067827Z","target":"projects/gridvibe-537aa/locations/us-central1/functions/verifyTossPayment","verb":"create","cancelRequested":false,"apiVersion":"v2","requestResource":{"@type":"type.googleapis.com/google.cloud.functions.v2.Function","name":"projects/gridvibe-537aa/locations/us-central1/functions/verifyTossPayment","buildConfig":{"runtime":"nodejs20","entryPoint":"verifyTossPayment","source":{"storageSource":{"bucket":"gcf-v2-sources-218314165754-us-central1","object":"verifyTossPayment/function-source.zip","generation":"1779591626316893"}},"environmentVariables":{"GOOGLE_NODE_RUN_SCRIPTS":""},"serviceAccount":"projects/gridvibe-537aa/serviceAccounts/218314165754-compute@developer.gserviceaccount.com","automaticUpdatePolicy":{}},"serviceConfig":{"service":"projects/gridvibe-537aa/locations/us-central1/services/verifytosspayment","timeoutSeconds":60,"environmentVariables":{"FIREBASE_CONFIG":"{\"projectId\":\"gridvibe-537aa\",\"storageBucket\":\"gridvibe-537aa.firebasestorage.app\"}","GCLOUD_PROJECT":"gridvibe-537aa","EVENTARC_CLOUD_EVENT_SOURCE":"projects/gridvibe-537aa/locations/us-central1/services/verifyTossPayment","FUNCTION_TARGET":"verifyTossPayment","LOG_EXECUTION_ID":"true"},"ingressSettings":"ALLOW_ALL","serviceAccountEmail":"218314165754-compute@developer.gserviceaccount.com","availableMemory":"256Mi","maxInstanceRequestConcurrency":80,"availableCpu":"1"},"labels":{"deployment-tool":"cli-firebase","firebase-functions-hash":"342ad400f94ecf9626fe8a01fe38fdfaaad1aaec"},"environment":"GEN_2"},"stages":[{"name":"BUILD","state":"NOT_STARTED","stateMessages":[{"severity":"WARNING","type":"BuildAnalysisWarning","message":"Node.js 20 is no longer supported by the Node.js community as of 30 April, 2026. Runtime nodejs20 is currently deprecated for Cloud Functions. We recommend you to upgrade to the latest version of Node.js as soon as possible."}]},{"name":"SERVICE","state":"NOT_STARTED"}],"operationType":"CREATE_FUNCTION"},"done":false}
[debug] [2026-05-24T03:00:32.686Z] [create-default-us-central1-verifyTossPayment] Retrying task index 0
[debug] [2026-05-24T03:00:32.686Z] Checked if tokens are valid: true, expires at: 1779594725177
[debug] [2026-05-24T03:00:32.686Z] Checked if tokens are valid: true, expires at: 1779594725177
[debug] [2026-05-24T03:00:32.686Z] >>> [apiv2][query] GET https://cloudfunctions.googleapis.com/v2/projects/gridvibe-537aa/locations/us-central1/operations/operation-1779591625542-6528776af8bb1-83e2f842-463f0486 [none]
[debug] [2026-05-24T03:00:33.736Z] <<< [apiv2][status] GET https://cloudfunctions.googleapis.com/v2/projects/gridvibe-537aa/locations/us-central1/operations/operation-1779591625542-6528776af8bb1-83e2f842-463f0486 200
[debug] [2026-05-24T03:00:33.736Z] <<< [apiv2][body] GET https://cloudfunctions.googleapis.com/v2/projects/gridvibe-537aa/locations/us-central1/operations/operation-1779591625542-6528776af8bb1-83e2f842-463f0486 {"name":"projects/gridvibe-537aa/locations/us-central1/operations/operation-1779591625542-6528776af8bb1-83e2f842-463f0486","metadata":{"@type":"type.googleapis.com/google.cloud.functions.v2.OperationMetadata","createTime":"2026-05-24T03:00:26.632067827Z","target":"projects/gridvibe-537aa/locations/us-central1/functions/verifyTossPayment","verb":"create","cancelRequested":false,"apiVersion":"v2","requestResource":{"@type":"type.googleapis.com/google.cloud.functions.v2.Function","name":"projects/gridvibe-537aa/locations/us-central1/functions/verifyTossPayment","buildConfig":{"runtime":"nodejs20","entryPoint":"verifyTossPayment","source":{"storageSource":{"bucket":"gcf-v2-sources-218314165754-us-central1","object":"verifyTossPayment/function-source.zip","generation":"1779591626316893"}},"environmentVariables":{"GOOGLE_NODE_RUN_SCRIPTS":""},"serviceAccount":"projects/gridvibe-537aa/serviceAccounts/218314165754-compute@developer.gserviceaccount.com","automaticUpdatePolicy":{}},"serviceConfig":{"service":"projects/gridvibe-537aa/locations/us-central1/services/verifytosspayment","timeoutSeconds":60,"environmentVariables":{"FIREBASE_CONFIG":"{\"projectId\":\"gridvibe-537aa\",\"storageBucket\":\"gridvibe-537aa.firebasestorage.app\"}","GCLOUD_PROJECT":"gridvibe-537aa","EVENTARC_CLOUD_EVENT_SOURCE":"projects/gridvibe-537aa/locations/us-central1/services/verifyTossPayment","FUNCTION_TARGET":"verifyTossPayment","LOG_EXECUTION_ID":"true"},"ingressSettings":"ALLOW_ALL","serviceAccountEmail":"218314165754-compute@developer.gserviceaccount.com","availableMemory":"256Mi","maxInstanceRequestConcurrency":80,"availableCpu":"1"},"labels":{"deployment-tool":"cli-firebase","firebase-functions-hash":"342ad400f94ecf9626fe8a01fe38fdfaaad1aaec"},"environment":"GEN_2"},"stages":[{"name":"BUILD","state":"NOT_STARTED","stateMessages":[{"severity":"WARNING","type":"BuildAnalysisWarning","message":"Node.js 20 is no longer supported by the Node.js community as of 30 April, 2026. Runtime nodejs20 is currently deprecated for Cloud Functions. We recommend you to upgrade to the latest version of Node.js as soon as possible."}]},{"name":"SERVICE","state":"NOT_STARTED"}],"operationType":"CREATE_FUNCTION"},"done":false}
[debug] [2026-05-24T03:00:37.737Z] [create-default-us-central1-verifyTossPayment] Retrying task index 0
[debug] [2026-05-24T03:00:37.738Z] Checked if tokens are valid: true, expires at: 1779594725177
[debug] [2026-05-24T03:00:37.738Z] Checked if tokens are valid: true, expires at: 1779594725177
[debug] [2026-05-24T03:00:37.738Z] >>> [apiv2][query] GET https://cloudfunctions.googleapis.com/v2/projects/gridvibe-537aa/locations/us-central1/operations/operation-1779591625542-6528776af8bb1-83e2f842-463f0486 [none]
[debug] [2026-05-24T03:00:38.781Z] <<< [apiv2][status] GET https://cloudfunctions.googleapis.com/v2/projects/gridvibe-537aa/locations/us-central1/operations/operation-1779591625542-6528776af8bb1-83e2f842-463f0486 200
[debug] [2026-05-24T03:00:38.782Z] <<< [apiv2][body] GET https://cloudfunctions.googleapis.com/v2/projects/gridvibe-537aa/locations/us-central1/operations/operation-1779591625542-6528776af8bb1-83e2f842-463f0486 {"name":"projects/gridvibe-537aa/locations/us-central1/operations/operation-1779591625542-6528776af8bb1-83e2f842-463f0486","metadata":{"@type":"type.googleapis.com/google.cloud.functions.v2.OperationMetadata","createTime":"2026-05-24T03:00:26.632067827Z","target":"projects/gridvibe-537aa/locations/us-central1/functions/verifyTossPayment","verb":"create","cancelRequested":false,"apiVersion":"v2","requestResource":{"@type":"type.googleapis.com/google.cloud.functions.v2.Function","name":"projects/gridvibe-537aa/locations/us-central1/functions/verifyTossPayment","buildConfig":{"runtime":"nodejs20","entryPoint":"verifyTossPayment","source":{"storageSource":{"bucket":"gcf-v2-sources-218314165754-us-central1","object":"verifyTossPayment/function-source.zip","generation":"1779591626316893"}},"environmentVariables":{"GOOGLE_NODE_RUN_SCRIPTS":""},"serviceAccount":"projects/gridvibe-537aa/serviceAccounts/218314165754-compute@developer.gserviceaccount.com","automaticUpdatePolicy":{}},"serviceConfig":{"service":"projects/gridvibe-537aa/locations/us-central1/services/verifytosspayment","timeoutSeconds":60,"environmentVariables":{"FIREBASE_CONFIG":"{\"projectId\":\"gridvibe-537aa\",\"storageBucket\":\"gridvibe-537aa.firebasestorage.app\"}","GCLOUD_PROJECT":"gridvibe-537aa","EVENTARC_CLOUD_EVENT_SOURCE":"projects/gridvibe-537aa/locations/us-central1/services/verifyTossPayment","FUNCTION_TARGET":"verifyTossPayment","LOG_EXECUTION_ID":"true"},"ingressSettings":"ALLOW_ALL","serviceAccountEmail":"218314165754-compute@developer.gserviceaccount.com","availableMemory":"256Mi","maxInstanceRequestConcurrency":80,"availableCpu":"1"},"labels":{"deployment-tool":"cli-firebase","firebase-functions-hash":"342ad400f94ecf9626fe8a01fe38fdfaaad1aaec"},"environment":"GEN_2"},"stages":[{"name":"BUILD","state":"NOT_STARTED","stateMessages":[{"severity":"WARNING","type":"BuildAnalysisWarning","message":"Node.js 20 is no longer supported by the Node.js community as of 30 April, 2026. Runtime nodejs20 is currently deprecated for Cloud Functions. We recommend you to upgrade to the latest version of Node.js as soon as possible."}]},{"name":"SERVICE","state":"NOT_STARTED"}],"operationType":"CREATE_FUNCTION"},"done":false}
[debug] [2026-05-24T03:00:46.782Z] [create-default-us-central1-verifyTossPayment] Retrying task index 0
[debug] [2026-05-24T03:00:46.782Z] Checked if tokens are valid: true, expires at: 1779594725177
[debug] [2026-05-24T03:00:46.783Z] Checked if tokens are valid: true, expires at: 1779594725177
[debug] [2026-05-24T03:00:46.783Z] >>> [apiv2][query] GET https://cloudfunctions.googleapis.com/v2/projects/gridvibe-537aa/locations/us-central1/operations/operation-1779591625542-6528776af8bb1-83e2f842-463f0486 [none]
[debug] [2026-05-24T03:00:47.976Z] <<< [apiv2][status] GET https://cloudfunctions.googleapis.com/v2/projects/gridvibe-537aa/locations/us-central1/operations/operation-1779591625542-6528776af8bb1-83e2f842-463f0486 200
[debug] [2026-05-24T03:00:47.976Z] <<< [apiv2][body] GET https://cloudfunctions.googleapis.com/v2/projects/gridvibe-537aa/locations/us-central1/operations/operation-1779591625542-6528776af8bb1-83e2f842-463f0486 {"name":"projects/gridvibe-537aa/locations/us-central1/operations/operation-1779591625542-6528776af8bb1-83e2f842-463f0486","metadata":{"@type":"type.googleapis.com/google.cloud.functions.v2.OperationMetadata","createTime":"2026-05-24T03:00:26.632067827Z","target":"projects/gridvibe-537aa/locations/us-central1/functions/verifyTossPayment","verb":"create","cancelRequested":false,"apiVersion":"v2","requestResource":{"@type":"type.googleapis.com/google.cloud.functions.v2.Function","name":"projects/gridvibe-537aa/locations/us-central1/functions/verifyTossPayment","buildConfig":{"runtime":"nodejs20","entryPoint":"verifyTossPayment","source":{"storageSource":{"bucket":"gcf-v2-sources-218314165754-us-central1","object":"verifyTossPayment/function-source.zip","generation":"1779591626316893"}},"environmentVariables":{"GOOGLE_NODE_RUN_SCRIPTS":""},"serviceAccount":"projects/gridvibe-537aa/serviceAccounts/218314165754-compute@developer.gserviceaccount.com","automaticUpdatePolicy":{}},"serviceConfig":{"service":"projects/gridvibe-537aa/locations/us-central1/services/verifytosspayment","timeoutSeconds":60,"environmentVariables":{"FIREBASE_CONFIG":"{\"projectId\":\"gridvibe-537aa\",\"storageBucket\":\"gridvibe-537aa.firebasestorage.app\"}","GCLOUD_PROJECT":"gridvibe-537aa","EVENTARC_CLOUD_EVENT_SOURCE":"projects/gridvibe-537aa/locations/us-central1/services/verifyTossPayment","FUNCTION_TARGET":"verifyTossPayment","LOG_EXECUTION_ID":"true"},"ingressSettings":"ALLOW_ALL","serviceAccountEmail":"218314165754-compute@developer.gserviceaccount.com","availableMemory":"256Mi","maxInstanceRequestConcurrency":80,"availableCpu":"1"},"labels":{"deployment-tool":"cli-firebase","firebase-functions-hash":"342ad400f94ecf9626fe8a01fe38fdfaaad1aaec"},"environment":"GEN_2"},"stages":[{"name":"BUILD","message":"Build in progress","state":"IN_PROGRESS","resource":"projects/218314165754/locations/us-central1/builds/d3173531-d394-4c33-82d5-2fe86e2ccf3f","resourceUri":"https://console.cloud.google.com/cloud-build/builds;region=us-central1/d3173531-d394-4c33-82d5-2fe86e2ccf3f?project=218314165754"},{"name":"SERVICE","state":"NOT_STARTED"}],"operationType":"CREATE_FUNCTION","buildName":"projects/218314165754/locations/us-central1/builds/d3173531-d394-4c33-82d5-2fe86e2ccf3f"},"done":false}
[debug] [2026-05-24T03:00:57.988Z] [create-default-us-central1-verifyTossPayment] Retrying task index 0
[debug] [2026-05-24T03:00:57.990Z] Checked if tokens are valid: true, expires at: 1779594725177
[debug] [2026-05-24T03:00:57.990Z] Checked if tokens are valid: true, expires at: 1779594725177
[debug] [2026-05-24T03:00:57.990Z] >>> [apiv2][query] GET https://cloudfunctions.googleapis.com/v2/projects/gridvibe-537aa/locations/us-central1/operations/operation-1779591625542-6528776af8bb1-83e2f842-463f0486 [none]
[debug] [2026-05-24T03:00:59.247Z] <<< [apiv2][status] GET https://cloudfunctions.googleapis.com/v2/projects/gridvibe-537aa/locations/us-central1/operations/operation-1779591625542-6528776af8bb1-83e2f842-463f0486 200
[debug] [2026-05-24T03:00:59.248Z] <<< [apiv2][body] GET https://cloudfunctions.googleapis.com/v2/projects/gridvibe-537aa/locations/us-central1/operations/operation-1779591625542-6528776af8bb1-83e2f842-463f0486 {"name":"projects/gridvibe-537aa/locations/us-central1/operations/operation-1779591625542-6528776af8bb1-83e2f842-463f0486","metadata":{"@type":"type.googleapis.com/google.cloud.functions.v2.OperationMetadata","createTime":"2026-05-24T03:00:26.632067827Z","target":"projects/gridvibe-537aa/locations/us-central1/functions/verifyTossPayment","verb":"create","cancelRequested":false,"apiVersion":"v2","requestResource":{"@type":"type.googleapis.com/google.cloud.functions.v2.Function","name":"projects/gridvibe-537aa/locations/us-central1/functions/verifyTossPayment","buildConfig":{"runtime":"nodejs20","entryPoint":"verifyTossPayment","source":{"storageSource":{"bucket":"gcf-v2-sources-218314165754-us-central1","object":"verifyTossPayment/function-source.zip","generation":"1779591626316893"}},"environmentVariables":{"GOOGLE_NODE_RUN_SCRIPTS":""},"serviceAccount":"projects/gridvibe-537aa/serviceAccounts/218314165754-compute@developer.gserviceaccount.com","automaticUpdatePolicy":{}},"serviceConfig":{"service":"projects/gridvibe-537aa/locations/us-central1/services/verifytosspayment","timeoutSeconds":60,"environmentVariables":{"FIREBASE_CONFIG":"{\"projectId\":\"gridvibe-537aa\",\"storageBucket\":\"gridvibe-537aa.firebasestorage.app\"}","GCLOUD_PROJECT":"gridvibe-537aa","EVENTARC_CLOUD_EVENT_SOURCE":"projects/gridvibe-537aa/locations/us-central1/services/verifyTossPayment","FUNCTION_TARGET":"verifyTossPayment","LOG_EXECUTION_ID":"true"},"ingressSettings":"ALLOW_ALL","serviceAccountEmail":"218314165754-compute@developer.gserviceaccount.com","availableMemory":"256Mi","maxInstanceRequestConcurrency":80,"availableCpu":"1"},"labels":{"deployment-tool":"cli-firebase","firebase-functions-hash":"342ad400f94ecf9626fe8a01fe38fdfaaad1aaec"},"environment":"GEN_2"},"stages":[{"name":"BUILD","message":"Build in progress","state":"IN_PROGRESS","resource":"projects/218314165754/locations/us-central1/builds/d3173531-d394-4c33-82d5-2fe86e2ccf3f","resourceUri":"https://console.cloud.google.com/cloud-build/builds;region=us-central1/d3173531-d394-4c33-82d5-2fe86e2ccf3f?project=218314165754"},{"name":"SERVICE","state":"NOT_STARTED"}],"operationType":"CREATE_FUNCTION","buildName":"projects/218314165754/locations/us-central1/builds/d3173531-d394-4c33-82d5-2fe86e2ccf3f"},"done":false}
[debug] [2026-05-24T03:01:09.260Z] [create-default-us-central1-verifyTossPayment] Retrying task index 0
[debug] [2026-05-24T03:01:09.260Z] Checked if tokens are valid: true, expires at: 1779594725177
[debug] [2026-05-24T03:01:09.260Z] Checked if tokens are valid: true, expires at: 1779594725177
[debug] [2026-05-24T03:01:09.261Z] >>> [apiv2][query] GET https://cloudfunctions.googleapis.com/v2/projects/gridvibe-537aa/locations/us-central1/operations/operation-1779591625542-6528776af8bb1-83e2f842-463f0486 [none]
[debug] [2026-05-24T03:01:10.525Z] <<< [apiv2][status] GET https://cloudfunctions.googleapis.com/v2/projects/gridvibe-537aa/locations/us-central1/operations/operation-1779591625542-6528776af8bb1-83e2f842-463f0486 200
[debug] [2026-05-24T03:01:10.525Z] <<< [apiv2][body] GET https://cloudfunctions.googleapis.com/v2/projects/gridvibe-537aa/locations/us-central1/operations/operation-1779591625542-6528776af8bb1-83e2f842-463f0486 {"name":"projects/gridvibe-537aa/locations/us-central1/operations/operation-1779591625542-6528776af8bb1-83e2f842-463f0486","metadata":{"@type":"type.googleapis.com/google.cloud.functions.v2.OperationMetadata","createTime":"2026-05-24T03:00:26.632067827Z","target":"projects/gridvibe-537aa/locations/us-central1/functions/verifyTossPayment","verb":"create","cancelRequested":false,"apiVersion":"v2","requestResource":{"@type":"type.googleapis.com/google.cloud.functions.v2.Function","name":"projects/gridvibe-537aa/locations/us-central1/functions/verifyTossPayment","buildConfig":{"runtime":"nodejs20","entryPoint":"verifyTossPayment","source":{"storageSource":{"bucket":"gcf-v2-sources-218314165754-us-central1","object":"verifyTossPayment/function-source.zip","generation":"1779591626316893"}},"environmentVariables":{"GOOGLE_NODE_RUN_SCRIPTS":""},"serviceAccount":"projects/gridvibe-537aa/serviceAccounts/218314165754-compute@developer.gserviceaccount.com","automaticUpdatePolicy":{}},"serviceConfig":{"service":"projects/gridvibe-537aa/locations/us-central1/services/verifytosspayment","timeoutSeconds":60,"environmentVariables":{"FIREBASE_CONFIG":"{\"projectId\":\"gridvibe-537aa\",\"storageBucket\":\"gridvibe-537aa.firebasestorage.app\"}","GCLOUD_PROJECT":"gridvibe-537aa","EVENTARC_CLOUD_EVENT_SOURCE":"projects/gridvibe-537aa/locations/us-central1/services/verifyTossPayment","FUNCTION_TARGET":"verifyTossPayment","LOG_EXECUTION_ID":"true"},"ingressSettings":"ALLOW_ALL","serviceAccountEmail":"218314165754-compute@developer.gserviceaccount.com","availableMemory":"256Mi","maxInstanceRequestConcurrency":80,"availableCpu":"1"},"labels":{"deployment-tool":"cli-firebase","firebase-functions-hash":"342ad400f94ecf9626fe8a01fe38fdfaaad1aaec"},"environment":"GEN_2"},"stages":[{"name":"BUILD","message":"Build in progress","state":"IN_PROGRESS","resource":"projects/218314165754/locations/us-central1/builds/d3173531-d394-4c33-82d5-2fe86e2ccf3f","resourceUri":"https://console.cloud.google.com/cloud-build/builds;region=us-central1/d3173531-d394-4c33-82d5-2fe86e2ccf3f?project=218314165754"},{"name":"SERVICE","state":"NOT_STARTED"}],"operationType":"CREATE_FUNCTION","buildName":"projects/218314165754/locations/us-central1/builds/d3173531-d394-4c33-82d5-2fe86e2ccf3f"},"done":false}
[debug] [2026-05-24T03:01:20.532Z] [create-default-us-central1-verifyTossPayment] Retrying task index 0
[debug] [2026-05-24T03:01:20.532Z] Checked if tokens are valid: true, expires at: 1779594725177
[debug] [2026-05-24T03:01:20.532Z] Checked if tokens are valid: true, expires at: 1779594725177
[debug] [2026-05-24T03:01:20.533Z] >>> [apiv2][query] GET https://cloudfunctions.googleapis.com/v2/projects/gridvibe-537aa/locations/us-central1/operations/operation-1779591625542-6528776af8bb1-83e2f842-463f0486 [none]
[debug] [2026-05-24T03:01:21.851Z] <<< [apiv2][status] GET https://cloudfunctions.googleapis.com/v2/projects/gridvibe-537aa/locations/us-central1/operations/operation-1779591625542-6528776af8bb1-83e2f842-463f0486 200
[debug] [2026-05-24T03:01:21.851Z] <<< [apiv2][body] GET https://cloudfunctions.googleapis.com/v2/projects/gridvibe-537aa/locations/us-central1/operations/operation-1779591625542-6528776af8bb1-83e2f842-463f0486 {"name":"projects/gridvibe-537aa/locations/us-central1/operations/operation-1779591625542-6528776af8bb1-83e2f842-463f0486","metadata":{"@type":"type.googleapis.com/google.cloud.functions.v2.OperationMetadata","createTime":"2026-05-24T03:00:26.632067827Z","endTime":"2026-05-24T03:01:17.479408956Z","target":"projects/gridvibe-537aa/locations/us-central1/functions/verifyTossPayment","verb":"create","cancelRequested":false,"apiVersion":"v2","requestResource":{"@type":"type.googleapis.com/google.cloud.functions.v2.Function","name":"projects/gridvibe-537aa/locations/us-central1/functions/verifyTossPayment","buildConfig":{"runtime":"nodejs20","entryPoint":"verifyTossPayment","source":{"storageSource":{"bucket":"gcf-v2-sources-218314165754-us-central1","object":"verifyTossPayment/function-source.zip","generation":"1779591626316893"}},"environmentVariables":{"GOOGLE_NODE_RUN_SCRIPTS":""},"serviceAccount":"projects/gridvibe-537aa/serviceAccounts/218314165754-compute@developer.gserviceaccount.com","automaticUpdatePolicy":{}},"serviceConfig":{"service":"projects/gridvibe-537aa/locations/us-central1/services/verifytosspayment","timeoutSeconds":60,"environmentVariables":{"FIREBASE_CONFIG":"{\"projectId\":\"gridvibe-537aa\",\"storageBucket\":\"gridvibe-537aa.firebasestorage.app\"}","GCLOUD_PROJECT":"gridvibe-537aa","EVENTARC_CLOUD_EVENT_SOURCE":"projects/gridvibe-537aa/locations/us-central1/services/verifyTossPayment","FUNCTION_TARGET":"verifyTossPayment","LOG_EXECUTION_ID":"true"},"ingressSettings":"ALLOW_ALL","serviceAccountEmail":"218314165754-compute@developer.gserviceaccount.com","availableMemory":"256Mi","maxInstanceRequestConcurrency":80,"availableCpu":"1"},"labels":{"deployment-tool":"cli-firebase","firebase-functions-hash":"342ad400f94ecf9626fe8a01fe38fdfaaad1aaec"},"environment":"GEN_2"},"stages":[{"name":"ARTIFACT_REGISTRY","message":"Deleting function artifacts in Artifact Registry","state":"COMPLETE"},{"name":"SERVICE","message":"Deleting Cloud Run service","state":"COMPLETE","resource":"projects/gridvibe-537aa/locations/us-central1/services/verifytosspayment"}],"operationType":"CREATE_FUNCTION"},"done":true,"error":{"code":3,"message":"Build failed with status: FAILURE. Could not build the function due to a missing permission on the build service account. If you didn't revoke that permission explicitly, this could be caused by a change in the organization policies. Please refer to the following documentation for more details and resolution: https://cloud.google.com/functions/docs/troubleshooting#build-service-account\n You can also view the logs at https://console.cloud.google.com/cloud-build/builds;region=us-central1/d3173531-d394-4c33-82d5-2fe86e2ccf3f?project=218314165754.\n"}}
[debug] [2026-05-24T03:01:21.851Z] Got source token undefined for region us-central1
[error] Build failed with status: FAILURE. Could not build the function due to a missing permission on the build service account. If you didn't revoke that permission explicitly, this could be caused by a change in the organization policies. Please refer to the following documentation for more details and resolution: https://cloud.google.com/functions/docs/troubleshooting#build-service-account
 You can also view the logs at https://console.cloud.google.com/cloud-build/builds;region=us-central1/d3173531-d394-4c33-82d5-2fe86e2ccf3f?project=218314165754.

[warn] !  functions: Deploys failed. Skipping deletes. 
[debug] [2026-05-24T03:01:21.858Z] Total Function Deployment time: 57539
[debug] [2026-05-24T03:01:21.858Z] 1 Functions Deployed
[debug] [2026-05-24T03:01:21.858Z] 1 Functions Errored
[debug] [2026-05-24T03:01:21.858Z] 0 Function Deployments Aborted
[debug] [2026-05-24T03:01:21.858Z] Average Function Deployment time: 57539
[info] 
[info] Functions deploy had errors with the following functions:
	verifyTossPayment(us-central1)
[debug] [2026-05-24T03:01:22.084Z] Not printing URL for HTTPS function. Typically this means it didn't match a filter or we failed deployment
[debug] [2026-05-24T03:01:22.085Z] Checked if tokens are valid: true, expires at: 1779594725177
[debug] [2026-05-24T03:01:22.085Z] Checked if tokens are valid: true, expires at: 1779594725177
[debug] [2026-05-24T03:01:22.085Z] >>> [apiv2][query] GET https://artifactregistry.googleapis.com/v1/projects/gridvibe-537aa/locations/us-central1/repositories/gcf-artifacts [none]
[debug] [2026-05-24T03:01:23.370Z] <<< [apiv2][status] GET https://artifactregistry.googleapis.com/v1/projects/gridvibe-537aa/locations/us-central1/repositories/gcf-artifacts 200
[debug] [2026-05-24T03:01:23.370Z] <<< [apiv2][body] GET https://artifactregistry.googleapis.com/v1/projects/gridvibe-537aa/locations/us-central1/repositories/gcf-artifacts {"name":"projects/gridvibe-537aa/locations/us-central1/repositories/gcf-artifacts","format":"DOCKER","description":"This repository is created and used by Cloud Functions for storing function docker images.","labels":{"goog-managed-by":"cloudfunctions"},"createTime":"2026-05-24T03:00:41.498676Z","updateTime":"2026-05-24T03:00:41.498676Z","mode":"STANDARD_REPOSITORY","vulnerabilityScanningConfig":{"lastEnableTime":"2026-05-24T03:00:26.884863330Z","enablementState":"SCANNING_DISABLED","enablementStateReason":"API containerscanning.googleapis.com is not enabled."},"satisfiesPzi":true,"registryUri":"us-central1-docker.pkg.dev/gridvibe-537aa/gcf-artifacts"}
[warn] !  functions: No cleanup policy detected for repositories in us-central1. This may result in a small monthly bill as container images accumulate over time. 
